<html>
<body>
<pre>
<h1>礦ision Build Log</h1>
<h2>Tool Versions:</h2>
IDE-Version: μVision V5.20.0.0
Copyright (C) 2016 ARM Ltd and ARM Germany GmbH. All rights reserved.
License Information: 1 qwe, 1, LIC=ATTQ1-CPSFV-45IT5-GNFIE-BMK3B-V29EY
 
Tool Versions:
Toolchain:       MDK-ARM Plus  Version: 5.15.0
Toolchain Path:  D:\instead\keil_5\ARM\ARMCC\Bin
C Compiler:      Armcc.exe V5.05 update 2 (build 169)
Assembler:       Armasm.exe V5.05 update 2 (build 169)
Linker/Locator:  ArmLink.exe V5.05 update 2 (build 169)
Library Manager: ArmAr.exe V5.05 update 2 (build 169)
Hex Converter:   FromElf.exe V5.05 update 2 (build 169)
CPU DLL:         SARMCM3.DLL V5.15.0
Dialog DLL:      DCM.DLL V1.13.2.0
Target DLL:      CMSIS_AGDI.dll V1.21.12.0
Dialog DLL:      TCM.DLL V1.14.5.0
 
<h2>Project:</h2>
D:\学习资料\小米加步枪\库函数版\STM32入门教程资料1\程序源码\程序源码\STM32Project\5-1 对射式红外传感器计次\Project.uvprojx
Project File Date:  04/15/2023

<h2>Output:</h2>
*** Using Compiler 'V5.05 update 2 (build 169)', folder: 'D:\instead\keil_5\ARM\ARMCC\Bin'
Rebuild target 'Target 1'
assembling startup_stm32f10x_md.s...
compiling core_cm3.c...
compiling system_stm32f10x.c...
compiling stm32f10x_bkp.c...
compiling stm32f10x_cec.c...
compiling stm32f10x_dac.c...
compiling stm32f10x_exti.c...
compiling stm32f10x_fsmc.c...
compiling misc.c...
compiling stm32f10x_dbgmcu.c...
compiling stm32f10x_gpio.c...
compiling stm32f10x_can.c...
compiling stm32f10x_dma.c...
compiling stm32f10x_crc.c...
compiling stm32f10x_flash.c...
compiling stm32f10x_adc.c...
compiling stm32f10x_i2c.c...
compiling stm32f10x_iwdg.c...
compiling stm32f10x_pwr.c...
compiling stm32f10x_rtc.c...
compiling stm32f10x_rcc.c...
compiling stm32f10x_sdio.c...
compiling stm32f10x_spi.c...
compiling stm32f10x_usart.c...
compiling stm32f10x_wwdg.c...
compiling Delay.c...
compiling stm32f10x_tim.c...
compiling LED.c...
compiling Key.c...
compiling OLED.c...
compiling CountSensor.c...
compiling main.c...
compiling stm32f10x_it.c...
linking...
Program Size: Code=2484 RO-data=1788 RW-data=4 ZI-data=1636  
".\Objects\Project.axf" - 0 Error(s), 0 Warning(s).

<h2>Collection of Component include folders:</h2>
  D:\学习资料\小米加步枪\库函数版\STM32入门教程资料1\程序源码\程序源码\STM32Project\5-1 对射式红外传感器计次\RTE
  D:\instead\keil_5\ARM\PACK\Keil\STM32F1xx_DFP\1.1.0\Device\Include

<h2>Collection of Component Files used:</h2>
Build Time Elapsed:  00:00:02
</pre>
</body>
</html>
